{
  "version": "1.5.0",
  "plugins_used": [
    {
      "name": "ArtifactoryDetector"
    },
    {
      "name": "AWSKeyDetector"
    },
    {
      "name": "AzureStorageKeyDetector"
    },
    {
      "name": "Base64HighEntropyString",
      "limit": 4.5
    },
    {
      "name": "BasicAuthDetector"
    },
    {
      "name": "CloudantDetector"
    },
    {
      "name": "DiscordBotTokenDetector"
    },
    {
      "name": "GitHubTokenDetector"
    },
    {
      "name": "GitLabTokenDetector"
    },
    {
      "name": "HexHighEntropyString",
      "limit": 3.0
    },
    {
      "name": "IbmCloudIamDetector"
    },
    {
      "name": "IbmCosHmacDetector"
    },
    {
      "name": "IPPublicDetector"
    },
    {
      "name": "JwtTokenDetector"
    },
    {
      "name": "KeywordDetector",
      "keyword_exclude": ""
    },
    {
      "name": "MailchimpDetector"
    },
    {
      "name": "NpmDetector"
    },
    {
      "name": "OpenAIDetector"
    },
    {
      "name": "PrivateKeyDetector"
    },
    {
      "name": "PypiTokenDetector"
    },
    {
      "name": "SendGridDetector"
    },
    {
      "name": "SlackDetector"
    },
    {
      "name": "SoftlayerDetector"
    },
    {
      "name": "SquareOAuthDetector"
    },
    {
      "name": "StripeDetector"
    },
    {
      "name": "TelegramBotTokenDetector"
    },
    {
      "name": "TwilioKeyDetector"
    }
  ],
  "filters_used": [
    {
      "path": "detect_secrets.filters.allowlist.is_line_allowlisted"
    },
    {
      "path": "detect_secrets.filters.common.is_baseline_file",
      "filename": ".secrets.baseline"
    },
    {
      "path": "detect_secrets.filters.common.is_ignored_due_to_verification_policies",
      "min_level": 2
    },
    {
      "path": "detect_secrets.filters.heuristic.is_indirect_reference"
    },
    {
      "path": "detect_secrets.filters.heuristic.is_likely_id_string"
    },
    {
      "path": "detect_secrets.filters.heuristic.is_lock_file"
    },
    {
      "path": "detect_secrets.filters.heuristic.is_not_alphanumeric_string"
    },
    {
      "path": "detect_secrets.filters.heuristic.is_potential_uuid"
    },
    {
      "path": "detect_secrets.filters.heuristic.is_prefixed_with_dollar_sign"
    },
    {
      "path": "detect_secrets.filters.heuristic.is_sequential_string"
    },
    {
      "path": "detect_secrets.filters.heuristic.is_swagger_file"
    },
    {
      "path": "detect_secrets.filters.heuristic.is_templated_secret"
    }
  ],
  "results": {
    ".github/workflows/main.yml": [
      {
        "type": "Secret Keyword",
        "filename": ".github/workflows/main.yml",
        "hashed_secret": "829c3804401b0727f70f73d4415e162400cbe57b",
        "is_verified": false,
        "line_number": 305
      }
    ],
    "README.md": [
      {
        "type": "Secret Keyword",
        "filename": "README.md",
        "hashed_secret": "89a6cfe2a229151e8055abee107d45ed087bbb4f",
        "is_verified": false,
        "line_number": 141
      }
    ],
    "docker-compose.yml": [
      {
        "type": "Secret Keyword",
        "filename": "docker-compose.yml",
        "hashed_secret": "5baa61e4c9b93f3f0682250b6cf8331b7ee68fd8",
        "is_verified": false,
        "line_number": 10
      }
    ],
    "docs/async_quick_start.rst": [
      {
        "type": "Secret Keyword",
        "filename": "docs/async_quick_start.rst",
        "hashed_secret": "89a6cfe2a229151e8055abee107d45ed087bbb4f",
        "is_verified": false,
        "line_number": 32
      }
    ],
    "examples/README.md": [
      {
        "type": "Secret Keyword",
        "filename": "examples/README.md",
        "hashed_secret": "cf4a956e75901c220c0f5fbaec41987fc6177345",
        "is_verified": false,
        "line_number": 15
      }
    ],
    "examples/async_quick_start.py": [
      {
        "type": "Secret Keyword",
        "filename": "examples/async_quick_start.py",
        "hashed_secret": "89a6cfe2a229151e8055abee107d45ed087bbb4f",
        "is_verified": false,
        "line_number": 24
      }
    ],
    "examples/build_form_payload.py": [
      {
        "type": "Secret Keyword",
        "filename": "examples/build_form_payload.py",
        "hashed_secret": "89a6cfe2a229151e8055abee107d45ed087bbb4f",
        "is_verified": false,
        "line_number": 7
      }
    ],
    "examples/custom_retry.py": [
      {
        "type": "Secret Keyword",
        "filename": "examples/custom_retry.py",
        "hashed_secret": "829c3804401b0727f70f73d4415e162400cbe57b",
        "is_verified": false,
        "line_number": 25
      }
    ],
    "examples/get_study_structure.py": [
      {
        "type": "Secret Keyword",
        "filename": "examples/get_study_structure.py",
        "hashed_secret": "1c17e556736c4d23933f99d199e7c2c572895fd2",
        "is_verified": false,
        "line_number": 35
      }
    ],
    "examples/quick_start.py": [
      {
        "type": "Secret Keyword",
        "filename": "examples/quick_start.py",
        "hashed_secret": "89a6cfe2a229151e8055abee107d45ed087bbb4f",
        "is_verified": false,
        "line_number": 21
      }
    ],
    "examples/workflows/extract_audit_trail.py": [
      {
        "type": "Secret Keyword",
        "filename": "examples/workflows/extract_audit_trail.py",
        "hashed_secret": "1c17e556736c4d23933f99d199e7c2c572895fd2",
        "is_verified": false,
        "line_number": 15
      }
    ],
    "examples/workflows/extract_records.py": [
      {
        "type": "Secret Keyword",
        "filename": "examples/workflows/extract_records.py",
        "hashed_secret": "1c17e556736c4d23933f99d199e7c2c572895fd2",
        "is_verified": false,
        "line_number": 15
      }
    ],
    "examples/workflows/queries_by_site.py": [
      {
        "type": "Secret Keyword",
        "filename": "examples/workflows/queries_by_site.py",
        "hashed_secret": "1c17e556736c4d23933f99d199e7c2c572895fd2",
        "is_verified": false,
        "line_number": 12
      }
    ],
    "examples/workflows/query_management.py": [
      {
        "type": "Secret Keyword",
        "filename": "examples/workflows/query_management.py",
        "hashed_secret": "1c17e556736c4d23933f99d199e7c2c572895fd2",
        "is_verified": false,
        "line_number": 15
      }
    ],
    "examples/workflows/record_mapping.py": [
      {
        "type": "Secret Keyword",
        "filename": "examples/workflows/record_mapping.py",
        "hashed_secret": "1c17e556736c4d23933f99d199e7c2c572895fd2",
        "is_verified": false,
        "line_number": 10
      }
    ],
    "examples/workflows/subject_data.py": [
      {
        "type": "Secret Keyword",
        "filename": "examples/workflows/subject_data.py",
        "hashed_secret": "1c17e556736c4d23933f99d199e7c2c572895fd2",
        "is_verified": false,
        "line_number": 16
      }
    ],
    "examples/workflows/update_record.py": [
      {
        "type": "Secret Keyword",
        "filename": "examples/workflows/update_record.py",
        "hashed_secret": "1c17e556736c4d23933f99d199e7c2c572895fd2",
        "is_verified": false,
        "line_number": 16
      }
    ],
    "packages/core/src/imednet/constants.py": [
      {
        "type": "Secret Keyword",
        "filename": "packages/core/src/imednet/constants.py",
        "hashed_secret": "b894b81be94cf8fa8d7536475aaec876addf05c8",
        "is_verified": false,
        "line_number": 71
      }
    ],
    "packages/core/src/imednet/integrations/sink_base.py": [
      {
        "type": "Basic Auth Credentials",
        "filename": "packages/core/src/imednet/integrations/sink_base.py",
        "hashed_secret": "9d4e1e23bd5b727046a9e3b4b7db57bd8d6ee684",
        "is_verified": false,
        "line_number": 226
      }
    ],
    "packages/plugins-sinks/tests/integration/test_containerized_sinks.py": [
      {
        "type": "Basic Auth Credentials",
        "filename": "packages/plugins-sinks/tests/integration/test_containerized_sinks.py",
        "hashed_secret": "5baa61e4c9b93f3f0682250b6cf8331b7ee68fd8",
        "is_verified": false,
        "line_number": 115
      }
    ],
    "packages/plugins-sinks/tests/unit/test_sinks.py": [
      {
        "type": "Secret Keyword",
        "filename": "packages/plugins-sinks/tests/unit/test_sinks.py",
        "hashed_secret": "e5e9fa1ba31ecd1ae84f75caaa474f3a663f05f4",
        "is_verified": false,
        "line_number": 443
      }
    ],
    "tests/integration/test_export_airflow_integration.py": [
      {
        "type": "Secret Keyword",
        "filename": "tests/integration/test_export_airflow_integration.py",
        "hashed_secret": "669fee34bddacb48e055344996ec8abb3b1d7e97",
        "is_verified": false,
        "line_number": 96
      }
    ],
    "tests/unit/cli/test_cli_export.py": [
      {
        "type": "Secret Keyword",
        "filename": "tests/unit/cli/test_cli_export.py",
        "hashed_secret": "e5e9fa1ba31ecd1ae84f75caaa474f3a663f05f4",
        "is_verified": false,
        "line_number": 302
      }
    ],
    "tests/unit/test_airflow_integration.py": [
      {
        "type": "Secret Keyword",
        "filename": "tests/unit/test_airflow_integration.py",
        "hashed_secret": "669fee34bddacb48e055344996ec8abb3b1d7e97",
        "is_verified": false,
        "line_number": 70
      },
      {
        "type": "Secret Keyword",
        "filename": "tests/unit/test_airflow_integration.py",
        "hashed_secret": "b3b1dc6d08eb44bf4bc122bfa6c56b1c4107ed2d",
        "is_verified": false,
        "line_number": 260
      },
      {
        "type": "Secret Keyword",
        "filename": "tests/unit/test_airflow_integration.py",
        "hashed_secret": "16a71d6e66d80cce6a31d982d458801c72993f1a",
        "is_verified": false,
        "line_number": 293
      },
      {
        "type": "Secret Keyword",
        "filename": "tests/unit/test_airflow_integration.py",
        "hashed_secret": "7e64f4aa25aa99a1dcf6f8d9e263f1ad1b43d1b6",
        "is_verified": false,
        "line_number": 322
      },
      {
        "type": "Secret Keyword",
        "filename": "tests/unit/test_airflow_integration.py",
        "hashed_secret": "5abec12093a699a9c08d89f3eb01354d3ea93e34",
        "is_verified": false,
        "line_number": 404
      },
      {
        "type": "Secret Keyword",
        "filename": "tests/unit/test_airflow_integration.py",
        "hashed_secret": "5ba065780b70b122dfa2636e975458850c8b13e7",
        "is_verified": false,
        "line_number": 437
      },
      {
        "type": "Secret Keyword",
        "filename": "tests/unit/test_airflow_integration.py",
        "hashed_secret": "3c3b274d119ff5a5ec6c1e215c1cb794d9973ac1",
        "is_verified": false,
        "line_number": 472
      }
    ],
    "tests/unit/test_base_client.py": [
      {
        "type": "Secret Keyword",
        "filename": "tests/unit/test_base_client.py",
        "hashed_secret": "0b8d37ac0768fc1fc701b0c5e8d2af6d3cb3856b",
        "is_verified": false,
        "line_number": 34
      }
    ],
    "tests/unit/test_config.py": [
      {
        "type": "Secret Keyword",
        "filename": "tests/unit/test_config.py",
        "hashed_secret": "0b8d37ac0768fc1fc701b0c5e8d2af6d3cb3856b",
        "is_verified": false,
        "line_number": 16
      }
    ],
    "tests/unit/test_credential_redaction.py": [
      {
        "type": "Secret Keyword",
        "filename": "tests/unit/test_credential_redaction.py",
        "hashed_secret": "f093b267235efe866fed2be5ef18793d91cd8c26",
        "is_verified": false,
        "line_number": 63
      },
      {
        "type": "Secret Keyword",
        "filename": "tests/unit/test_credential_redaction.py",
        "hashed_secret": "70920affc47c7865cfd9b93b418a273a940fb8a6",
        "is_verified": false,
        "line_number": 64
      },
      {
        "type": "Secret Keyword",
        "filename": "tests/unit/test_credential_redaction.py",
        "hashed_secret": "4296bde1ebea2d52536a15bdc4385f309b4f3782",
        "is_verified": false,
        "line_number": 65
      }
    ],
    "tests/unit/test_poll_job.py": [
      {
        "type": "Secret Keyword",
        "filename": "tests/unit/test_poll_job.py",
        "hashed_secret": "a62f2225bf70bfaccbc7f1ef2a397836717377de",
        "is_verified": false,
        "line_number": 15
      }
    ],
    "tests/unit/test_sdk_async.py": [
      {
        "type": "Secret Keyword",
        "filename": "tests/unit/test_sdk_async.py",
        "hashed_secret": "a62f2225bf70bfaccbc7f1ef2a397836717377de",
        "is_verified": false,
        "line_number": 12
      }
    ],
    "tests/unit/test_sdk_convenience_async.py": [
      {
        "type": "Secret Keyword",
        "filename": "tests/unit/test_sdk_convenience_async.py",
        "hashed_secret": "a62f2225bf70bfaccbc7f1ef2a397836717377de",
        "is_verified": false,
        "line_number": 12
      }
    ],
    "tests/unit/test_sdk_entrypoint.py": [
      {
        "type": "Secret Keyword",
        "filename": "tests/unit/test_sdk_entrypoint.py",
        "hashed_secret": "a62f2225bf70bfaccbc7f1ef2a397836717377de",
        "is_verified": false,
        "line_number": 179
      }
    ],
    "tests/unit/test_sdk_retry_policy.py": [
      {
        "type": "Secret Keyword",
        "filename": "tests/unit/test_sdk_retry_policy.py",
        "hashed_secret": "a62f2225bf70bfaccbc7f1ef2a397836717377de",
        "is_verified": false,
        "line_number": 28
      }
    ],
    "tests/unit/test_security_config.py": [
      {
        "type": "Secret Keyword",
        "filename": "tests/unit/test_security_config.py",
        "hashed_secret": "a690fb5701f850d4c8761561b3a66e6294cdb536",
        "is_verified": false,
        "line_number": 8
      }
    ],
    "tests/unit/test_transport_contract.py": [
      {
        "type": "Secret Keyword",
        "filename": "tests/unit/test_transport_contract.py",
        "hashed_secret": "f093b267235efe866fed2be5ef18793d91cd8c26",
        "is_verified": false,
        "line_number": 184
      }
    ]
  },
  "generated_at": "2026-07-02T17:54:37Z"
}
